[0.012s] Invoking command in '/home/shriram/Desktop/ros2Project/build/arduinobot_moveit': /usr/bin/cmake /home/shriram/Desktop/ros2Project/src/arduinobot_moveit -DCMAKE_INSTALL_PREFIX=/home/shriram/Desktop/ros2Project/install/arduinobot_moveit
[0.096s] -- The C compiler identification is GNU 11.4.0
[0.186s] -- The CXX compiler identification is GNU 11.4.0
[0.198s] -- Detecting C compiler ABI info
[0.258s] -- Detecting C compiler ABI info - done
[0.268s] -- Check for working C compiler: /usr/bin/cc - skipped
[0.268s] -- Detecting C compile features
[0.269s] -- Detecting C compile features - done
[0.273s] -- Detecting CXX compiler ABI info
[0.334s] -- Detecting CXX compiler ABI info - done
[0.341s] -- Check for working CXX compiler: /usr/bin/c++ - skipped
[0.341s] -- Detecting CXX compile features
[0.342s] -- Detecting CXX compile features - done
[0.345s] -- Found ament_cmake: 1.3.5 (/opt/ros/humble/share/ament_cmake/cmake)
[0.486s] -- Found Python3: /usr/bin/python3.10 (found version "3.10.12") found components: Interpreter 
[0.594s] -- Found ament_lint_auto: 0.12.7 (/opt/ros/humble/share/ament_lint_auto/cmake)
[0.637s] Error parsing '/home/shriram/Desktop/ros2Project/src/arduinobot_moveit/package.xml':
[0.672s] Traceback (most recent call last):
[0.672s]   File "/usr/lib/python3/dist-packages/catkin_pkg/package.py", line 610, in parse_package_string
[0.672s]     root = dom.parseString(data)
[0.672s]   File "/usr/lib/python3.10/xml/dom/minidom.py", line 2000, in parseString
[0.673s]     return expatbuilder.parseString(string)
[0.673s]   File "/usr/lib/python3.10/xml/dom/expatbuilder.py", line 925, in parseString
[0.673s]     return builder.parseString(string)
[0.673s]   File "/usr/lib/python3.10/xml/dom/expatbuilder.py", line 223, in parseString
[0.673s]     parser.Parse(string, True)
[0.673s] xml.parsers.expat.ExpatError: mismatched tag: line 14, column 36
[0.673s] 
[0.673s] During handling of the above exception, another exception occurred:
[0.673s] 
[0.673s] Traceback (most recent call last):
[0.673s]   File "/opt/ros/humble/share/ament_cmake_core/cmake/core/package_xml_2_cmake.py", line 150, in <module>
[0.674s]     main()
[0.674s]   File "/opt/ros/humble/share/ament_cmake_core/cmake/core/package_xml_2_cmake.py", line 53, in main
[0.674s]     raise e
[0.674s]   File "/opt/ros/humble/share/ament_cmake_core/cmake/core/package_xml_2_cmake.py", line 49, in main
[0.674s]     package = parse_package_string(
[0.674s]   File "/usr/lib/python3/dist-packages/catkin_pkg/package.py", line 612, in parse_package_string
[0.674s]     raise InvalidPackage('The manifest contains invalid XML:\n%s' % ex, filename)
[0.674s] catkin_pkg.package.InvalidPackage: Error(s) in package '/home/shriram/Desktop/ros2Project/src/arduinobot_moveit/package.xml':
[0.674s] The manifest contains invalid XML:
[0.674s] mismatched tag: line 14, column 36
[0.686s] [31mCMake Error at /opt/ros/humble/share/ament_cmake_core/cmake/core/ament_package_xml.cmake:95 (message):
[0.686s]   execute_process(/usr/bin/python3.10
[0.686s]   /opt/ros/humble/share/ament_cmake_core/cmake/core/package_xml_2_cmake.py
[0.686s]   /home/shriram/Desktop/ros2Project/src/arduinobot_moveit/package.xml
[0.686s]   /home/shriram/Desktop/ros2Project/build/arduinobot_moveit/ament_cmake_core/package.cmake)
[0.686s]   returned error code 1
[0.686s] Call Stack (most recent call first):
[0.687s]   /opt/ros/humble/share/ament_cmake_core/cmake/core/ament_package_xml.cmake:49 (_ament_package_xml)
[0.687s]   /opt/ros/humble/share/ament_lint_auto/cmake/ament_lint_auto_find_test_dependencies.cmake:31 (ament_package_xml)
[0.687s]   CMakeLists.txt:28 (ament_lint_auto_find_test_dependencies)
[0.687s] 
[0.687s] [0m
[0.687s] -- Configuring incomplete, errors occurred!
[0.687s] See also "/home/shriram/Desktop/ros2Project/build/arduinobot_moveit/CMakeFiles/CMakeOutput.log".
[0.871s] Invoked command in '/home/shriram/Desktop/ros2Project/build/arduinobot_moveit' returned '1': /usr/bin/cmake /home/shriram/Desktop/ros2Project/src/arduinobot_moveit -DCMAKE_INSTALL_PREFIX=/home/shriram/Desktop/ros2Project/install/arduinobot_moveit
